The preparation of 4 summary statistics for use in Genomic SEM began at: 2026-06-10 12:44:42.44117
Please note that the files should be in the same order that they were listed for the ldsc function
Reading in reference file
Applying MAF filer of 0.01 to the reference file.
All files loaded into R!



Preparing summary statistics for file: /Users/nbhadra/Documents/aSchork/ISG_2026/Scripts/script_day6/GenomicSEM_2026/ALCH4.txt
Interpreting the SNP column as the SNP column.
Interpreting the A1 column as the A1 column.
Interpreting the A2 column as the A2 column.
Interpreting the Z column as the effect column.
Interpreting the P column as the P column.
Interpreting the WEIGHT column as the N column.
0 rows were removed from the /Users/nbhadra/Documents/aSchork/ISG_2026/Scripts/script_day6/GenomicSEM_2026/ALCH4.txt summary statistics file due to entries that were duplicated for rsID. These are removed as they likely reflect multiallelic variants.
Merging file: /Users/nbhadra/Documents/aSchork/ISG_2026/Scripts/script_day6/GenomicSEM_2026/ALCH4.txt with the reference file: /Users/nbhadra/Documents/aSchork/ISG_2026/Scripts/script_day6/GenomicSEM_2026/reference.1000G.ch4.txt
1000 rows present in the full /Users/nbhadra/Documents/aSchork/ISG_2026/Scripts/script_day6/GenomicSEM_2026/ALCH4.txt summary statistics file.
0 rows were removed from the /Users/nbhadra/Documents/aSchork/ISG_2026/Scripts/script_day6/GenomicSEM_2026/ALCH4.txt summary statistics file as the rsIDs for these SNPs were not present in the reference file.
The effect column was determined NOT to be coded as an odds ratio (OR) for the /Users/nbhadra/Documents/aSchork/ISG_2026/Scripts/script_day6/GenomicSEM_2026/ALCH4.txt summary statistics file based on the median of the effect column being close to 0.
An transformation used to back out logistic betas for binary traits is being applied for: /Users/nbhadra/Documents/aSchork/ISG_2026/Scripts/script_day6/GenomicSEM_2026/ALCH4.txt
No INFO column, cannot filter on INFO, which may influence results
1000 SNPs are left in the summary statistics file /Users/nbhadra/Documents/aSchork/ISG_2026/Scripts/script_day6/GenomicSEM_2026/ALCH4.txt after QC and merging with the reference file.



Preparing summary statistics for file: /Users/nbhadra/Documents/aSchork/ISG_2026/Scripts/script_day6/GenomicSEM_2026/PTSD4.txt
Interpreting the MARKERNAME column as the SNP column.
Interpreting the ALLELE1 column as the A1 column.
Interpreting the ALLELE2 column as the A2 column.
Interpreting the EFFECT column as the effect column.
Interpreting the P.VALUE column as the P column.
Cannot find N column, try renaming it to N in the summary statistics file for:/Users/nbhadra/Documents/aSchork/ISG_2026/Scripts/script_day6/GenomicSEM_2026/PTSD4.txt
Interpreting the STDERR column as the SE column.
Interpreting the DIRECTION column as the DIRECTION column.
0 rows were removed from the /Users/nbhadra/Documents/aSchork/ISG_2026/Scripts/script_day6/GenomicSEM_2026/PTSD4.txt summary statistics file due to entries that were duplicated for rsID. These are removed as they likely reflect multiallelic variants.
Merging file: /Users/nbhadra/Documents/aSchork/ISG_2026/Scripts/script_day6/GenomicSEM_2026/PTSD4.txt with the reference file: /Users/nbhadra/Documents/aSchork/ISG_2026/Scripts/script_day6/GenomicSEM_2026/reference.1000G.ch4.txt
1000 rows present in the full /Users/nbhadra/Documents/aSchork/ISG_2026/Scripts/script_day6/GenomicSEM_2026/PTSD4.txt summary statistics file.
0 rows were removed from the /Users/nbhadra/Documents/aSchork/ISG_2026/Scripts/script_day6/GenomicSEM_2026/PTSD4.txt summary statistics file as the rsIDs for these SNPs were not present in the reference file.
The effect column was determined NOT to be coded as an odds ratio (OR) for the /Users/nbhadra/Documents/aSchork/ISG_2026/Scripts/script_day6/GenomicSEM_2026/PTSD4.txt summary statistics file based on the median of the effect column being close to 0.
No INFO column, cannot filter on INFO, which may influence results
Performing transformation under the assumption that the effect column is either an odds ratio or logistic beta (please see output above to determine whether it was interpreted as an odds ratio) and the SE column is a logistic SE (i.e., NOT the SE of the odds ratio) for:/Users/nbhadra/Documents/aSchork/ISG_2026/Scripts/script_day6/GenomicSEM_2026/PTSD4.txt
1000 SNPs are left in the summary statistics file /Users/nbhadra/Documents/aSchork/ISG_2026/Scripts/script_day6/GenomicSEM_2026/PTSD4.txt after QC and merging with the reference file.



Preparing summary statistics for file: /Users/nbhadra/Documents/aSchork/ISG_2026/Scripts/script_day6/GenomicSEM_2026/MDD4.txt
Found an NEFF column for sample size. 

Please note that this is likely effective sample size and should only be used for liability h^2 conversion for binary traits and that it should reflect the sum of effective sample sizes across cohorts.

Be aware that some NEFF columns reflect half of the effective sample size; the function will automatically double the column names if recognized [check above in .log file to determine if this is the case].
If the Neff value is halved in the summary stats, but not recognized by the munge function, this should be manually doubled prior to running munge.
Interpreting the MARKERNAME column as the SNP column.
Interpreting the A1 column as the A1 column.
Interpreting the A2 column as the A2 column.
Interpreting the LOGOR column as the effect column.
Interpreting the P column as the P column.
Interpreting the NEFF column as the N column.
Interpreting the MAF column as the MAF column.
Interpreting the STDERRLOGOR column as the SE column.
0 rows were removed from the /Users/nbhadra/Documents/aSchork/ISG_2026/Scripts/script_day6/GenomicSEM_2026/MDD4.txt summary statistics file due to entries that were duplicated for rsID. These are removed as they likely reflect multiallelic variants.
Merging file: /Users/nbhadra/Documents/aSchork/ISG_2026/Scripts/script_day6/GenomicSEM_2026/MDD4.txt with the reference file: /Users/nbhadra/Documents/aSchork/ISG_2026/Scripts/script_day6/GenomicSEM_2026/reference.1000G.ch4.txt
1400 rows present in the full /Users/nbhadra/Documents/aSchork/ISG_2026/Scripts/script_day6/GenomicSEM_2026/MDD4.txt summary statistics file.
20 rows were removed from the /Users/nbhadra/Documents/aSchork/ISG_2026/Scripts/script_day6/GenomicSEM_2026/MDD4.txt summary statistics file as the rsIDs for these SNPs were not present in the reference file.
The effect column was determined NOT to be coded as an odds ratio (OR) for the /Users/nbhadra/Documents/aSchork/ISG_2026/Scripts/script_day6/GenomicSEM_2026/MDD4.txt summary statistics file based on the median of the effect column being close to 0.
5rows were removed from the/Users/nbhadra/Documents/aSchork/ISG_2026/Scripts/script_day6/GenomicSEM_2026/MDD4.txtsummary statistics file due to effect values estimated at exactly 0 as this causes problems for matrix inversion necessary for later Genomic SEM analyses.
No INFO column, cannot filter on INFO, which may influence results
Performing transformation under the assumption that the effect column is either an odds ratio or logistic beta (please see output above to determine whether it was interpreted as an odds ratio) and the SE column is a logistic SE (i.e., NOT the SE of the odds ratio) for:/Users/nbhadra/Documents/aSchork/ISG_2026/Scripts/script_day6/GenomicSEM_2026/MDD4.txt
1375 SNPs are left in the summary statistics file /Users/nbhadra/Documents/aSchork/ISG_2026/Scripts/script_day6/GenomicSEM_2026/MDD4.txt after QC and merging with the reference file.



Preparing summary statistics for file: /Users/nbhadra/Documents/aSchork/ISG_2026/Scripts/script_day6/GenomicSEM_2026/ANX4.txt
Found an NEFF column for sample size. 

Please note that this is likely effective sample size and should only be used for liability h^2 conversion for binary traits and that it should reflect the sum of effective sample sizes across cohorts.

Be aware that some NEFF columns reflect half of the effective sample size; the function will automatically double the column names if recognized [check above in .log file to determine if this is the case].
If the Neff value is halved in the summary stats, but not recognized by the munge function, this should be manually doubled prior to running munge.
Interpreting the SNP column as the SNP column.
Interpreting the ALLELE1 column as the A1 column.
Interpreting the ALLELE2 column as the A2 column.
Interpreting the EFFECT column as the effect column.
Interpreting the P column as the P column.
Interpreting the NEFF column as the N column.
Interpreting the STDERR column as the SE column.
Interpreting the DIRECTION column as the DIRECTION column.
0 rows were removed from the /Users/nbhadra/Documents/aSchork/ISG_2026/Scripts/script_day6/GenomicSEM_2026/ANX4.txt summary statistics file due to entries that were duplicated for rsID. These are removed as they likely reflect multiallelic variants.
Merging file: /Users/nbhadra/Documents/aSchork/ISG_2026/Scripts/script_day6/GenomicSEM_2026/ANX4.txt with the reference file: /Users/nbhadra/Documents/aSchork/ISG_2026/Scripts/script_day6/GenomicSEM_2026/reference.1000G.ch4.txt
1000 rows present in the full /Users/nbhadra/Documents/aSchork/ISG_2026/Scripts/script_day6/GenomicSEM_2026/ANX4.txt summary statistics file.
0 rows were removed from the /Users/nbhadra/Documents/aSchork/ISG_2026/Scripts/script_day6/GenomicSEM_2026/ANX4.txt summary statistics file as the rsIDs for these SNPs were not present in the reference file.
The effect column was determined NOT to be coded as an odds ratio (OR) for the /Users/nbhadra/Documents/aSchork/ISG_2026/Scripts/script_day6/GenomicSEM_2026/ANX4.txt summary statistics file based on the median of the effect column being close to 0.
No INFO column, cannot filter on INFO, which may influence results
Performing transformation under the assumption that the effect column is either an odds ratio or logistic beta (please see output above to determine whether it was interpreted as an odds ratio) and the SE column is a logistic SE (i.e., NOT the SE of the odds ratio) for:/Users/nbhadra/Documents/aSchork/ISG_2026/Scripts/script_day6/GenomicSEM_2026/ANX4.txt
1000 SNPs are left in the summary statistics file /Users/nbhadra/Documents/aSchork/ISG_2026/Scripts/script_day6/GenomicSEM_2026/ANX4.txt after QC and merging with the reference file.
     
After merging across all summary statistics using listwise deletion, performing QC, and merging with the reference file, there are 1000 SNPs left in the final multivariate summary statistics file
Sumstats finished running at 2026-06-10 12:44:44.381982
Running sumstats for all files took 0 minutes and 1.94081211090088 seconds
Please check the log file ALCH_PTSD_MDD_ANX_sumstats.log to ensure that all columns were interpreted correctly and no warnings were issued for any of the summary statistics files.
